[¹è¿øÁ¦]
USER1@USER4-PC ~
$ pwd
/home/USER1

USER1@USER4-PC ~
$ ls
basic  linux_socket_server-template.c

USER1@USER4-PC ~
$ mkdir c_test

USER1@USER4-PC ~
$ ls
basic  c_test  linux_socket_server-template.c

USER1@USER4-PC ~
$ cp ./linux_socket_server-template.c c_test

USER1@USER4-PC ~
$ cd c_test/

USER1@USER4-PC ~/c_test
$ mv ./linux_socket_server-template.c linux_socket_server.c

USER1@USER4-PC ~/c_test
$ vi ./linux_socket_server.c

USER1@USER4-PC ~/c_test
$ gcc -o server ./linux_socket_server.c

USER1@USER4-PC ~/c_test
$ ls
linux_socket_server.c  server.exe

USER1@USER4-PC ~/c_test
$ ./server.exe
Socket created
bind done
Waiting for incoming connections...
Connection accepted
hk
]jk
recv failed: Connection reset by peer

USER1@USER4-PC ~/c_test
$

USER1@USER4-PC ~/c_test
$ ./server.exe
Socket created
bind done
Waiting for incoming connections...
Connection accepted
hi
hello
bye
Client disconnected

USER1@USER4-PC ~/c_test
$

