[김종호]
USER@IT-2 ~/c_test
$ pwd
/home/USER/c_test

USER@IT-2 ~/c_test
$ cd~
-bash: cd~: command not found

USER@IT-2 ~/c_test
$ cd ~

USER@IT-2 ~
$ clear

USER@IT-2 ~
$ pwd
/home/USER

USER@IT-2 ~
$ cd ~

USER@IT-2 ~
$ mkdir c_test

USER@IT-2 ~
$ cp ./linux_socket_server-question.c c_test

USER@IT-2 ~
$ cd c_test/

USER@IT-2 ~/c_test
$ ls -alf
.  ..  linux_socket_server-question.c

USER@IT-2 ~/c_test
$ mv linux_socket_server-question.c linux_socket_server.c

USER@IT-2 ~/c_test
$ vi linux_socket_server.c

USER@IT-2 ~/c_test
$ gcc -o server ./linux_socket_server.c

USER@IT-2 ~/c_test
$ ./server.exe
Socket created
bind done
Waiting for incoming connections...
Connection accepted
Hello
It's been a long time
bye
Client disconnected

USER@IT-2 ~/c_test
$


처음 도전하는 시스템 프로그래밍!
소켓 클라이언트 ver1.0

서버 접속 IP: 218.51.230.227, 접속 포트: 8888Connection 완료!
이제 서버와 통신을 시작합니다.
통신을 종료하려면 bye를 입력하세요.
Client] Hello

Message from server: Hello
Client] It's been a long time

Message from server: It's been a long time
Client] bye

Message from server: bye

C:\Iot_bigdata\C_Test\Debug\ctest.exe(4512 프로세스)이(가) 0 코드로 인해 종료되
었습니다.
이 창을 닫으려면 아무 키나 누르세요.

