[장성민]
USER7@USER7-PC ~
$ cd /

USER7@USER7-PC /
$ pwd
/

USER7@USER7-PC /
$ cd ~

USER7@USER7-PC ~
$ mkdir c_test

USER7@USER7-PC ~
$ cp ./linux_socket_server-template.c c_test/

USER7@USER7-PC ~
$ cd c_test/

USER7@USER7-PC ~/c_test
$ al -alF
-bash: al: command not found

USER7@USER7-PC ~/c_test
$ ls -alF
합계 8
drwxr-xr-x+ 1 USER7 None    0 6월  13 14:36 ./
drwxr-xr-x+ 1 USER7 None    0 6월  13 14:36 ../
-rwxr-xr-x  1 USER7 None 1997 6월  13 14:36 linux_socket_server-template.c*

USER7@USER7-PC ~/c_test
$ mv linux_socket_server-template.c linux_socket_server.c

USER7@USER7-PC ~/c_test
$ vi linux_socket_server.c

USER7@USER7-PC ~/c_test
$ gcc -o server ./linux_socket_server.c

USER7@USER7-PC ~/c_test
$ ./server
Socket created
bind done
Waiting for incoming connections...
Connection accepted
Hello
recv failed: Connection reset by peer

USER7@USER7-PC ~/c_test
$ ./server
Socket created
bind done
Waiting for incoming connections...
Connection accepted
Hello
It's been a long time
recv failed: Connection reset by peer

USER7@USER7-PC ~/c_test
$ ./server
Socket created
bind done
Waiting for incoming connections...
Connection accepted
Hello
It's been a long time
bye
Client disconnected

USER7@USER7-PC ~/c_test
$
